[Fri 09/25/2026  6:10:06.75] START requested
[Fri 09/25/2026  6:10:07.65] Docker engine ready
[Fri 09/25/2026  6:10:07.93] Starting LocalAI and Angel Nexus
[Fri 09/25/2026  6:10:10.02] LocalAI ready
[Fri 09/25/2026  6:10:10.10] Angel Nexus healthy
[Fri 09/25/2026  9:07:51.93] START requested
[Fri 09/25/2026  9:07:52.80] Docker engine ready
[Fri 09/25/2026  9:07:53.08] Starting LocalAI and Angel Nexus
[Fri 09/25/2026  9:08:03.16] LocalAI ready
[Fri 09/25/2026  9:08:03.25] Angel Nexus healthy
[Fri 09/25/2026 10:36:38.96] START requested
[Fri 09/25/2026 10:36:39.86] Docker engine ready
[Fri 09/25/2026 10:36:40.13] Starting LocalAI and Angel Nexus
[Fri 09/25/2026 10:36:42.78] LocalAI ready
[Fri 09/25/2026 10:36:42.88] Angel Nexus healthy
[Fri 09/25/2026 11:02:35.89] START requested
[Fri 09/25/2026 11:02:36.75] Docker engine ready
[Fri 09/25/2026 11:02:37.03] Starting LocalAI and Angel Nexus
[Fri 09/25/2026 11:02:38.63] LocalAI ready
[Fri 09/25/2026 11:02:38.71] Angel Nexus healthy
[Fri 09/25/2026 13:38:17.39] START requested
[Fri 09/25/2026 13:38:18.32] Docker engine ready
[Fri 09/25/2026 13:38:18.62] Starting LocalAI and Angel Nexus
[Fri 09/25/2026 13:38:20.48] LocalAI ready
[Fri 09/25/2026 13:38:20.56] Angel Nexus healthy
[Fri 09/25/2026 13:58:27.56] START requested
[Fri 09/25/2026 13:58:28.43] Docker engine ready
[Fri 09/25/2026 13:58:28.71] Starting LocalAI and Angel Nexus
[Fri 09/25/2026 13:58:30.59] LocalAI ready
[Fri 09/25/2026 13:58:30.69] Angel Nexus healthy
